In transaction:     1
After transaction rolled back:     0
   
In transaction:     1
After transaction rolled back:     0
   
