0 12/29/2003
1 12/30/2003
2 12/31/2003
3 01/01/2004
4 12/30/2003
5 12/30/2003
6 12/30/2003
7 01/30/2004
8 12/30/2003
9 12/30/2003
10 12/30/2003
11 12/30/2004
12 12/02/2003
13           
14 
15 03/07/2003
16 03/06/2003
17 01/31/2004
18           
19           
20 
21 
