Null
Null
Null
Null
Null
Null
Null
Null
Null
Null
Null
Null
Null
Null
False
False
True
True
Null
Null
Null
False
True
False
True
Null
Null
Null
