a1:Decimal (30) <-   <3333333333333333333333333333> length=         28
    dec(30)        = <      3333333333333333333333333333.00>
    dec(30) clip   = <      3333333333333333333333333333.00>
    dec(30) using  = <  3333333333333333333333333333>
    dec(30)->str   = <3333333333333333333333333333.00>

a2:Decimal (30) <-   <33333333333333333333333333333> length=         29
    dec(30)        = <     33333333333333333333333333333.00>
    dec(30) clip   = <     33333333333333333333333333333.00>
    dec(30) using  = < 33333333333333333333333333333>
    dec(30)->str   = <33333333333333333333333333333.0>

a3:Decimal (30) <-   <333333333333333333333333333333> length=         30
    dec(30)        = <    333333333333333333333333333333.00>
    dec(30) clip   = <    333333333333333333333333333333.00>
    dec(30) using  = <333333333333333333333333333333>
    dec(30)->str   = <333333333333333333333333333333>

a4:Decimal (30) <-   <33333333333333333333333333.33> length=         29
    dec(30)        = <        33333333333333333333333333.33>
    dec(30) clip   = <        33333333333333333333333333.33>
    dec(30) using  = <  33333333333333333333333333.33>
    dec(30)->str   = <33333333333333333333333333.3300>

a5:Decimal (30) <-   <3333333333333333333333333333.33> length=         31
    dec(30)        = <      3333333333333333333333333333.33>
    dec(30) clip   = <      3333333333333333333333333333.33>
    dec(30) using  = <3333333333333333333333333333.33>
    dec(30)->str   = <3333333333333333333333333333.33>


b1:Decimal (30,0) <-  <333333333333333333333333333333> length=         30
    dec(30,0)       = <  333333333333333333333333333333>
    dec(30,0) using = <333333333333333333333333333333>
    dec(30,0)->str  = <333333333333333333333333333333>

b2:Decimal (30,2) <-  <3333333333333333333333333333.33> length=         31
    dec(30,2)       = < 3333333333333333333333333333.33>
    dec(30,2) using = <3333333333333333333333333333.33>
    dec(30,2)->str  = <3333333333333333333333333333.33>

b3:Decimal (30,10) <- <33333333333333333333.3333333333> length=         31
    dec(30,10)       =< 33333333333333333333.3333333333>
    dec(30,10) using =<33333333333333333333.3333333333>
    dec(30,10)->str  =<33333333333333333333.3333333333>

b4:Decimal (30,20) <- <3333333333.33333333333333333333> length=         31
    dec(30,20)       =< 3333333333.33333333333333333333>
    dec(30,20) using =<3333333333.33333333333333333333>
    dec(30,20)->str  =<3333333333.33333333333333333333>

b5:Decimal (30,29) <- <3.33333333333333333333333333333> length=         31
    dec(30,29)       =< 3.33333333333333333333333333333>
    dec(30,29) using =<3.33333333333333333333333333333>
    dec(30,29)->str  =<3.33333333333333333333333333333>

b6:Decimal (30,30) <- <.333333333333333333333333333333> length=         31
    dec(30,30)       =< 0.333333333333333333333333333333>
    dec(30,30) using =<.333333333333333333333333333333>
    dec(30,30) using2=< .333333333333333333333333333333>
    dec(30,30)->str  =<0.33333333333333333333333333333>


c1:Decimal (30,29)    <1.33333333333333333000000000000> + <3.77777777777777777000000000000>
    dec(30,29)       =< 5.11111111111111110000000000000>
    dec(30,29) using =<5.1111111111111111000000000000>
    dec(30,29)->str  =<5.11111111111111110000000000000>

c2:Decimal (30,29)    <1.33333333333333333333300000000> + <3.77777777777777777777700000000>
    dec(30,29)       =< 5.11111111111111111111000000000>
    dec(30,29) using =<5.1111111111111111111100000000>
    dec(30,29)->str  =<5.11111111111111111111000000000>

c3:Decimal (30,23)    <1.33333333333333333333300> + <3.77777777777777777777700>
    dec(30,23)       =<       5.11111111111111111111000>
    dec(30,23) using =<5.1111111111111111111100000000>
    dec(30,23)->str  =<5.11111111111111111111000>

c4:Decimal (24,23)    <1.33333333333333333333300> + <3.77777777777777777777700>
    dec(24,23)       =< 5.11111111111111111111000>
    dec(24,23) using =<5.1111111111111111111100000000>
    dec(24,23)->str  =<5.11111111111111111111000>

c5:Decimal (30,29)    < 1.00000000000000000000000000000> * < 3.00000000000000000000000000000>
    dec(30,29)       =< 3.00000000000000000000000000000>
    dec(30,29) using =<3.0000000000000000000000000000>
    dec(30,29)->str  =<3.00000000000000000000000000000>

c6:Decimal (30,29)    < 1.00000000000000000000000000000> / < 3.00000000000000000000000000000>
    dec(30,29)       =< 0.33333333333333333333333333333>
    dec(30,29) using =< .3333333333333333333333333333>
    dec(30,29)->str  =<0.33333333333333333333333333333>

c7:Decimal (24,23)    < 1.00000000000000000000000> / < 3.00000000000000000000000>
    dec(24,23)       =< 0.33333333333333333333333>
    dec(24,23)       =< 0.33333333333333333333333>
    dec(24,23) using =< .3333333333333333333333300000>
    dec(24,23)->str  =<0.33333333333333333333333>


d1:Decimal (30)
    dec(30) 16    = <                  3333333333333333.00>
    dec(30) 17    = <                 33333333333333333.00>

d2:Decimal (30,0)
    dec(30,0) 16    = <                3333333333333333>
    dec(30,0) 17    = <               33333333333333333>

d3:Decimal (30,20)
    dec(30,20) 2.16    = <         33.33333333333333330000>
    dec(30,20) 2.17    = <         33.33333333333333333000>

d4:Decimal (30,20)
    dec(30,20) 16.2    = <     3333333333333333.3300000000>
    dec(30,20) 17.2    = <    33333333333333333.3300000000>

