c_dt is 2007-09-21 12:00:00.00
t_dt is 2007-09-21 12:00:00.00
