                                                                                
                                                                                
  a code    [       ]                                                           
                                                                                
  b code    [       ]                                                           
                                                                                
  c code    [       ]                                                           
                                                                                
                                                                                
                                                                                
                                                                                
                                                                                
                                                                                
+------------------------------------------------------------------------------+
|                                                                              |
+------------------------------------------------------------------------------+
                                                                                
                                                                                
                                                                                
                                                                                
                                                                                
-                                                                               
=                                                                               
+                                                                               
