SELECT * FROM temp_tbl WHERE temp_tbl.account_number='1'
-->1
SELECT * FROM temp_tbl WHERE temp_tbl.account_number='1'
-->1
SELECT * FROM temp_tbl WHERE temp_tbl.account_number<'3'
-->1
-->2
SELECT * FROM temp_tbl WHERE temp_tbl.account_number<'3'
-->1
-->2
SELECT * FROM temp_tbl WHERE temp_tbl.account_number<='3'
-->1
-->2
-->3
SELECT * FROM temp_tbl WHERE temp_tbl.account_number<='3'
-->1
-->2
-->3
SELECT * FROM temp_tbl WHERE temp_tbl.account_number>'3'
No rows found
SELECT * FROM temp_tbl WHERE temp_tbl.account_number>'3'
No rows found
SELECT * FROM temp_tbl WHERE temp_tbl.account_number between '1' and '2'
-->1
-->2
