Result=2003-08-08 11:29:00
Old=2003-08-08 12:30:00
Result=2003-08-08 14:00:00
