d=  10000000.62
1a: 10000000.62:
1b: 10000000.62:
1c: 10000000.62      :
1d: 10000000.62       :
2a: 10000000.620000:
2b: 10000000.620000:
2c: 10000000.620000  :
2d: 10000000.620000   :
