a=          <<<
a is nulL
a is nulL or = m_fech
a=04/21/2009<<<
a = m_fech 
a is nulL or = m_fech
