lineno=          0
---
lineno=          2
lineno=          3
lineno=          4
lineno=          5




