          5          4
          5          7
          3          4
          2          1
          2          3
          1          4
