A   1  aaaa      02/04/2005      10           2           1       1       1       2
B   2  bbbb      02/03/2005      20           4           2       2       2       4




