Right 0.1
Right 0.2
Right 0.3
Right 0.4
Right 0.5
Right 0.6
Right 1.1
Right 1.1
Right 1.2
