          5
          6
          1
          1
         -1
          8
OK
OK
OK
