NEXT : Tom       
NEXT : Dick      
NEXT : Harry     
PRIOR : Dick      
PRIOR : Tom       
NEXT : Dick      
NEXT : Harry     
