date: 02/03/05<<<
last i  10.00
sum where NULL ..      
sum where ZERO ..  0.00
date: 02/03/05<<<:
last i  10.00:
sum where NULL ..      :
sum where ZERO ..  0.00:
