 1                  2  2:01:31
 
 
 3                  1  2:03:01
 
 
 five               1  2:07:01
 
 
 two                3  7:11:03
 
 
