With parm =           1
          11a  
With parm =           2
          22a  
          22b  
