
50.0
51.0
group 1 sum 101.00
52.0
group 2 sum  52.00
report sum 153.00



























































