    col5 This is a normal line                             col60
    col5 This is not, feliz a¥o nuevo!                     col60
    col5 This is again normal                              col60
