c using ####& string   -    1 :             
c using ####& variable -    1     :         
john 24 j 24
john 24 j 24
