 1                  2
 3                  1
 five               1
 two                3
