          $13012.41         $141197.66         $141197.66
