A:     1234567890
B:    12345678901
C:    12345678901
D:     1234567891
E:    12345678902
F:    12345678902
G:  1234567890.00
H: 12345678901.00
I: 12345678901.00
J:  1234567891.00
K: 12345678902.00
L: 12345678901.90
