A:Hello B (NULL) C (NULL)
A:Hello B:World C (NULL)
A:Hello B:World C (NULL)
