94-91-72-2810-1
94                            
9491                          
94917228101                   
94917228101    
