ARR_CURR=3
ARR_COUNT=5
SCR_LINE=3
z y x
a 1
w v u
b 2
c 3
