this is a long text, should wrap
MANTIS ID 828


  this is a long 
  text, should wrap
  MANTIS ID 828
                    


